// Jest Snapshot v1, https://goo.gl/fbAQLP

exports[`JwtService signs/creates a JWT token 1`] = `171`;
